---
source: tests/visual/snapshots.rs
description: Query editor showing multi-line SQL query
expression: output
---
╭──────────────────────────────────────────────────────────────────────────────╮
│Query Crafter - [1] Tables [2] Query [3] Results                              │
╰──────────────────────────────────────────────────────────────────────────────╯
╭[1] Tables────╮Query [t] History [t]                                           
│              │                                                                
│              │╭Query Editor - NORMAL─────────────────────────────────────────╮
│              ││                                                              │
│              ││                                                              │
│              ││                                                              │
│              ││                                                              │
│              ││                                                              │
│              ││                                                              │
│              ││                                                              │
│              ││                                                              │
│              ││                                                              │
│              ││                                                              │
│              ││                                                              │
│              ││                                                              │
│              ││                                                              │
│              ││                                                              │
│              ││                                                              │
│              ││                                                              │
│              │╰──────────────────────────────────────────────────────────────╯
╰──────────────╯╭[3] Results───────────────────────────────────────────────────╮
